// Vitest Snapshot v1, https://vitest.dev/guide/snapshot.html

exports[`Design token snapshots > CARD_CLASS スナップショット 1`] = `"rounded-lg border border-gray-200 bg-white shadow-sm"`;

exports[`Design token snapshots > INPUT_CLASS スナップショット 1`] = `"block w-full rounded-md border border-gray-300 bg-white px-3 py-2 text-sm text-gray-900 placeholder:text-gray-400 focus:border-indigo-500 focus:outline-none focus:ring-1 focus:ring-indigo-500 disabled:cursor-not-allowed disabled:opacity-50"`;

exports[`Design token snapshots > PRIMARY_BUTTON_CLASS スナップショット 1`] = `"inline-flex items-center justify-center rounded-md bg-indigo-600 px-4 py-2 text-sm font-medium text-white hover:bg-indigo-700 focus:outline-none focus:ring-2 focus:ring-indigo-500 focus:ring-offset-2 disabled:cursor-not-allowed disabled:opacity-50"`;
